#-----------------------------------------------------------
# Vivado v2022.2 (64-bit)
# SW Build 3671981 on Fri Oct 14 05:00:03 MDT 2022
# IP Build 3669848 on Fri Oct 14 08:30:02 MDT 2022
# Start of session at: Sat May 27 20:46:21 2023
# Process ID: 9200
# Current directory: C:/Users/35191/Documents/UA/4_Ano/2_Semestre/CR/Reconfigurable-Computing/hamming_code
# Command line: vivado.exe -gui_launcher_event rodinguilauncherevent15320 C:\Users\35191\Documents\UA\4_Ano\2_Semestre\CR\Reconfigurable-Computing\hamming_code\hamming_code.xpr
# Log file: C:/Users/35191/Documents/UA/4_Ano/2_Semestre/CR/Reconfigurable-Computing/hamming_code/vivado.log
# Journal file: C:/Users/35191/Documents/UA/4_Ano/2_Semestre/CR/Reconfigurable-Computing/hamming_code\vivado.jou
# Running On: LAPTOP-4HV6V7EN, OS: Windows, CPU Frequency: 1992 MHz, CPU Physical cores: 4, Host memory: 16992 MB
#-----------------------------------------------------------
start_gui
open_project C:/Users/35191/Documents/UA/4_Ano/2_Semestre/CR/Reconfigurable-Computing/hamming_code/hamming_code.xpr
